-- The C compiler identification is GNU 13.3.0
-- The CXX compiler identification is GNU 13.3.0
-- Detecting C compiler ABI info
-- Detecting C compiler ABI info - done
-- Check for working C compiler: /usr/bin/cc - skipped
-- Detecting C compile features
-- Detecting C compile features - done
-- Detecting CXX compiler ABI info
-- Detecting CXX compiler ABI info - done
-- Check for working CXX compiler: /usr/bin/c++ - skipped
-- Detecting CXX compile features
-- Detecting CXX compile features - done
-- Found ament_cmake: 2.5.5 (/opt/ros/jazzy/share/ament_cmake/cmake)
-- Found Python3: /usr/bin/python3 (found version "3.12.3") found components: Interpreter 
-- Override CMake install command with custom implementation using symlinks instead of copying resources
-- Configuring done (0.6s)
-- Generating done (0.0s)
-- Build files have been written to: /home/divyansh/Projects/Robotics/RosLineFollower/build/simple_bot_description
-- Install configuration: ""
-- Execute custom install script
-- Symlinking: /home/divyansh/Projects/Robotics/RosLineFollower/install/simple_bot_description/share/simple_bot_description/urdf/simple_bot.urdf
-- Symlinking: /home/divyansh/Projects/Robotics/RosLineFollower/install/simple_bot_description/share/ament_index/resource_index/package_run_dependencies/simple_bot_description
-- Symlinking: /home/divyansh/Projects/Robotics/RosLineFollower/install/simple_bot_description/share/ament_index/resource_index/parent_prefix_path/simple_bot_description
-- Symlinking: /home/divyansh/Projects/Robotics/RosLineFollower/install/simple_bot_description/share/simple_bot_description/environment/ament_prefix_path.sh
-- Symlinking: /home/divyansh/Projects/Robotics/RosLineFollower/install/simple_bot_description/share/simple_bot_description/environment/ament_prefix_path.dsv
-- Symlinking: /home/divyansh/Projects/Robotics/RosLineFollower/install/simple_bot_description/share/simple_bot_description/environment/path.sh
-- Symlinking: /home/divyansh/Projects/Robotics/RosLineFollower/install/simple_bot_description/share/simple_bot_description/environment/path.dsv
-- Symlinking: /home/divyansh/Projects/Robotics/RosLineFollower/install/simple_bot_description/share/simple_bot_description/local_setup.bash
-- Symlinking: /home/divyansh/Projects/Robotics/RosLineFollower/install/simple_bot_description/share/simple_bot_description/local_setup.sh
-- Symlinking: /home/divyansh/Projects/Robotics/RosLineFollower/install/simple_bot_description/share/simple_bot_description/local_setup.zsh
-- Symlinking: /home/divyansh/Projects/Robotics/RosLineFollower/install/simple_bot_description/share/simple_bot_description/local_setup.dsv
-- Symlinking: /home/divyansh/Projects/Robotics/RosLineFollower/install/simple_bot_description/share/simple_bot_description/package.dsv
-- Symlinking: /home/divyansh/Projects/Robotics/RosLineFollower/install/simple_bot_description/share/ament_index/resource_index/packages/simple_bot_description
-- Symlinking: /home/divyansh/Projects/Robotics/RosLineFollower/install/simple_bot_description/share/simple_bot_description/cmake/simple_bot_descriptionConfig.cmake
-- Symlinking: /home/divyansh/Projects/Robotics/RosLineFollower/install/simple_bot_description/share/simple_bot_description/cmake/simple_bot_descriptionConfig-version.cmake
-- Symlinking: /home/divyansh/Projects/Robotics/RosLineFollower/install/simple_bot_description/share/simple_bot_description/package.xml
