[0.007s] Invoking command in '/home/divyansh/Projects/Robotics/RosLineFollower/build/simple_bot_bringup': AMENT_PREFIX_PATH=/home/divyansh/Projects/Robotics/RosLineFollower/install/simple_bot_description:/home/divyansh/Projects/Robotics/RosLineFollower/install/line_follower_py:${AMENT_PREFIX_PATH} CMAKE_PREFIX_PATH=/home/divyansh/Projects/Robotics/RosLineFollower/install/simple_bot_description:/opt/ros/jazzy/opt/gz_sim_vendor:/opt/ros/jazzy/opt/gz_sensors_vendor:/opt/ros/jazzy/opt/gz_physics_vendor:/opt/ros/jazzy/opt/sdformat_vendor:/opt/ros/jazzy/opt/gz_gui_vendor:/opt/ros/jazzy/opt/gz_transport_vendor:/opt/ros/jazzy/opt/gz_rendering_vendor:/opt/ros/jazzy/opt/gz_plugin_vendor:/opt/ros/jazzy/opt/gz_fuel_tools_vendor:/opt/ros/jazzy/opt/gz_msgs_vendor:/opt/ros/jazzy/opt/gz_common_vendor:/opt/ros/jazzy/opt/gz_math_vendor:/opt/ros/jazzy/opt/gz_utils_vendor:/opt/ros/jazzy/opt/gz_tools_vendor:/opt/ros/jazzy/opt/gz_ogre_next_vendor:/opt/ros/jazzy/opt/gz_dartsim_vendor:/opt/ros/jazzy/opt/gz_cmake_vendor:/opt/ros/jazzy DEBUGINFOD_URLS=https://debuginfod.archlinux.org PYTHONPATH=/home/divyansh/Projects/Robotics/RosLineFollower/build/line_follower_py:/home/divyansh/Projects/Robotics/RosLineFollower/install/line_follower_py/lib/python3.12/site-packages:${PYTHONPATH} /usr/bin/cmake /home/divyansh/Projects/Robotics/RosLineFollower/src/simple_bot_bringup -DAMENT_CMAKE_SYMLINK_INSTALL=1 -DCMAKE_INSTALL_PREFIX=/home/divyansh/Projects/Robotics/RosLineFollower/install/simple_bot_bringup
[0.054s] -- The C compiler identification is GNU 13.3.0
[0.096s] -- The CXX compiler identification is GNU 13.3.0
[0.110s] -- Detecting C compiler ABI info
[0.176s] -- Detecting C compiler ABI info - done
[0.183s] -- Check for working C compiler: /usr/bin/cc - skipped
[0.183s] -- Detecting C compile features
[0.184s] -- Detecting C compile features - done
[0.193s] -- Detecting CXX compiler ABI info
[0.267s] -- Detecting CXX compiler ABI info - done
[0.274s] -- Check for working CXX compiler: /usr/bin/c++ - skipped
[0.274s] -- Detecting CXX compile features
[0.274s] -- Detecting CXX compile features - done
[0.277s] -- Found ament_cmake: 2.5.5 (/opt/ros/jazzy/share/ament_cmake/cmake)
[0.381s] -- Found Python3: /usr/bin/python3 (found version "3.12.3") found components: Interpreter 
[0.431s] -- Override CMake install command with custom implementation using symlinks instead of copying resources
[0.525s] -- Configuring done (0.5s)
[0.527s] -- Generating done (0.0s)
[0.528s] -- Build files have been written to: /home/divyansh/Projects/Robotics/RosLineFollower/build/simple_bot_bringup
[0.531s] Invoked command in '/home/divyansh/Projects/Robotics/RosLineFollower/build/simple_bot_bringup' returned '0': AMENT_PREFIX_PATH=/home/divyansh/Projects/Robotics/RosLineFollower/install/simple_bot_description:/home/divyansh/Projects/Robotics/RosLineFollower/install/line_follower_py:${AMENT_PREFIX_PATH} CMAKE_PREFIX_PATH=/home/divyansh/Projects/Robotics/RosLineFollower/install/simple_bot_description:/opt/ros/jazzy/opt/gz_sim_vendor:/opt/ros/jazzy/opt/gz_sensors_vendor:/opt/ros/jazzy/opt/gz_physics_vendor:/opt/ros/jazzy/opt/sdformat_vendor:/opt/ros/jazzy/opt/gz_gui_vendor:/opt/ros/jazzy/opt/gz_transport_vendor:/opt/ros/jazzy/opt/gz_rendering_vendor:/opt/ros/jazzy/opt/gz_plugin_vendor:/opt/ros/jazzy/opt/gz_fuel_tools_vendor:/opt/ros/jazzy/opt/gz_msgs_vendor:/opt/ros/jazzy/opt/gz_common_vendor:/opt/ros/jazzy/opt/gz_math_vendor:/opt/ros/jazzy/opt/gz_utils_vendor:/opt/ros/jazzy/opt/gz_tools_vendor:/opt/ros/jazzy/opt/gz_ogre_next_vendor:/opt/ros/jazzy/opt/gz_dartsim_vendor:/opt/ros/jazzy/opt/gz_cmake_vendor:/opt/ros/jazzy DEBUGINFOD_URLS=https://debuginfod.archlinux.org PYTHONPATH=/home/divyansh/Projects/Robotics/RosLineFollower/build/line_follower_py:/home/divyansh/Projects/Robotics/RosLineFollower/install/line_follower_py/lib/python3.12/site-packages:${PYTHONPATH} /usr/bin/cmake /home/divyansh/Projects/Robotics/RosLineFollower/src/simple_bot_bringup -DAMENT_CMAKE_SYMLINK_INSTALL=1 -DCMAKE_INSTALL_PREFIX=/home/divyansh/Projects/Robotics/RosLineFollower/install/simple_bot_bringup
[0.532s] Invoking command in '/home/divyansh/Projects/Robotics/RosLineFollower/build/simple_bot_bringup': AMENT_PREFIX_PATH=/home/divyansh/Projects/Robotics/RosLineFollower/install/simple_bot_description:/home/divyansh/Projects/Robotics/RosLineFollower/install/line_follower_py:${AMENT_PREFIX_PATH} CMAKE_PREFIX_PATH=/home/divyansh/Projects/Robotics/RosLineFollower/install/simple_bot_description:/opt/ros/jazzy/opt/gz_sim_vendor:/opt/ros/jazzy/opt/gz_sensors_vendor:/opt/ros/jazzy/opt/gz_physics_vendor:/opt/ros/jazzy/opt/sdformat_vendor:/opt/ros/jazzy/opt/gz_gui_vendor:/opt/ros/jazzy/opt/gz_transport_vendor:/opt/ros/jazzy/opt/gz_rendering_vendor:/opt/ros/jazzy/opt/gz_plugin_vendor:/opt/ros/jazzy/opt/gz_fuel_tools_vendor:/opt/ros/jazzy/opt/gz_msgs_vendor:/opt/ros/jazzy/opt/gz_common_vendor:/opt/ros/jazzy/opt/gz_math_vendor:/opt/ros/jazzy/opt/gz_utils_vendor:/opt/ros/jazzy/opt/gz_tools_vendor:/opt/ros/jazzy/opt/gz_ogre_next_vendor:/opt/ros/jazzy/opt/gz_dartsim_vendor:/opt/ros/jazzy/opt/gz_cmake_vendor:/opt/ros/jazzy DEBUGINFOD_URLS=https://debuginfod.archlinux.org PYTHONPATH=/home/divyansh/Projects/Robotics/RosLineFollower/build/line_follower_py:/home/divyansh/Projects/Robotics/RosLineFollower/install/line_follower_py/lib/python3.12/site-packages:${PYTHONPATH} /usr/bin/cmake --build /home/divyansh/Projects/Robotics/RosLineFollower/build/simple_bot_bringup -- -j12 -l12
[0.561s] Invoked command in '/home/divyansh/Projects/Robotics/RosLineFollower/build/simple_bot_bringup' returned '0': AMENT_PREFIX_PATH=/home/divyansh/Projects/Robotics/RosLineFollower/install/simple_bot_description:/home/divyansh/Projects/Robotics/RosLineFollower/install/line_follower_py:${AMENT_PREFIX_PATH} CMAKE_PREFIX_PATH=/home/divyansh/Projects/Robotics/RosLineFollower/install/simple_bot_description:/opt/ros/jazzy/opt/gz_sim_vendor:/opt/ros/jazzy/opt/gz_sensors_vendor:/opt/ros/jazzy/opt/gz_physics_vendor:/opt/ros/jazzy/opt/sdformat_vendor:/opt/ros/jazzy/opt/gz_gui_vendor:/opt/ros/jazzy/opt/gz_transport_vendor:/opt/ros/jazzy/opt/gz_rendering_vendor:/opt/ros/jazzy/opt/gz_plugin_vendor:/opt/ros/jazzy/opt/gz_fuel_tools_vendor:/opt/ros/jazzy/opt/gz_msgs_vendor:/opt/ros/jazzy/opt/gz_common_vendor:/opt/ros/jazzy/opt/gz_math_vendor:/opt/ros/jazzy/opt/gz_utils_vendor:/opt/ros/jazzy/opt/gz_tools_vendor:/opt/ros/jazzy/opt/gz_ogre_next_vendor:/opt/ros/jazzy/opt/gz_dartsim_vendor:/opt/ros/jazzy/opt/gz_cmake_vendor:/opt/ros/jazzy DEBUGINFOD_URLS=https://debuginfod.archlinux.org PYTHONPATH=/home/divyansh/Projects/Robotics/RosLineFollower/build/line_follower_py:/home/divyansh/Projects/Robotics/RosLineFollower/install/line_follower_py/lib/python3.12/site-packages:${PYTHONPATH} /usr/bin/cmake --build /home/divyansh/Projects/Robotics/RosLineFollower/build/simple_bot_bringup -- -j12 -l12
[0.561s] Invoking command in '/home/divyansh/Projects/Robotics/RosLineFollower/build/simple_bot_bringup': AMENT_PREFIX_PATH=/home/divyansh/Projects/Robotics/RosLineFollower/install/simple_bot_description:/home/divyansh/Projects/Robotics/RosLineFollower/install/line_follower_py:${AMENT_PREFIX_PATH} CMAKE_PREFIX_PATH=/home/divyansh/Projects/Robotics/RosLineFollower/install/simple_bot_description:/opt/ros/jazzy/opt/gz_sim_vendor:/opt/ros/jazzy/opt/gz_sensors_vendor:/opt/ros/jazzy/opt/gz_physics_vendor:/opt/ros/jazzy/opt/sdformat_vendor:/opt/ros/jazzy/opt/gz_gui_vendor:/opt/ros/jazzy/opt/gz_transport_vendor:/opt/ros/jazzy/opt/gz_rendering_vendor:/opt/ros/jazzy/opt/gz_plugin_vendor:/opt/ros/jazzy/opt/gz_fuel_tools_vendor:/opt/ros/jazzy/opt/gz_msgs_vendor:/opt/ros/jazzy/opt/gz_common_vendor:/opt/ros/jazzy/opt/gz_math_vendor:/opt/ros/jazzy/opt/gz_utils_vendor:/opt/ros/jazzy/opt/gz_tools_vendor:/opt/ros/jazzy/opt/gz_ogre_next_vendor:/opt/ros/jazzy/opt/gz_dartsim_vendor:/opt/ros/jazzy/opt/gz_cmake_vendor:/opt/ros/jazzy DEBUGINFOD_URLS=https://debuginfod.archlinux.org PYTHONPATH=/home/divyansh/Projects/Robotics/RosLineFollower/build/line_follower_py:/home/divyansh/Projects/Robotics/RosLineFollower/install/line_follower_py/lib/python3.12/site-packages:${PYTHONPATH} /usr/bin/cmake --install /home/divyansh/Projects/Robotics/RosLineFollower/build/simple_bot_bringup
[0.567s] -- Install configuration: ""
[0.568s] -- Execute custom install script
[0.568s] -- Symlinking: /home/divyansh/Projects/Robotics/RosLineFollower/install/simple_bot_bringup/share/simple_bot_bringup/launch/sim.launch.py
[0.576s] -- Symlinking: /home/divyansh/Projects/Robotics/RosLineFollower/install/simple_bot_bringup/share/simple_bot_bringup/worlds/curved_line.sdf
[0.582s] -- Symlinking: /home/divyansh/Projects/Robotics/RosLineFollower/install/simple_bot_bringup/share/ament_index/resource_index/package_run_dependencies/simple_bot_bringup
[0.589s] -- Symlinking: /home/divyansh/Projects/Robotics/RosLineFollower/install/simple_bot_bringup/share/ament_index/resource_index/parent_prefix_path/simple_bot_bringup
[0.595s] -- Symlinking: /home/divyansh/Projects/Robotics/RosLineFollower/install/simple_bot_bringup/share/simple_bot_bringup/environment/ament_prefix_path.sh
[0.602s] -- Symlinking: /home/divyansh/Projects/Robotics/RosLineFollower/install/simple_bot_bringup/share/simple_bot_bringup/environment/ament_prefix_path.dsv
[0.608s] -- Symlinking: /home/divyansh/Projects/Robotics/RosLineFollower/install/simple_bot_bringup/share/simple_bot_bringup/environment/path.sh
[0.615s] -- Symlinking: /home/divyansh/Projects/Robotics/RosLineFollower/install/simple_bot_bringup/share/simple_bot_bringup/environment/path.dsv
[0.620s] -- Symlinking: /home/divyansh/Projects/Robotics/RosLineFollower/install/simple_bot_bringup/share/simple_bot_bringup/local_setup.bash
[0.627s] -- Symlinking: /home/divyansh/Projects/Robotics/RosLineFollower/install/simple_bot_bringup/share/simple_bot_bringup/local_setup.sh
[0.632s] -- Symlinking: /home/divyansh/Projects/Robotics/RosLineFollower/install/simple_bot_bringup/share/simple_bot_bringup/local_setup.zsh
[0.639s] -- Symlinking: /home/divyansh/Projects/Robotics/RosLineFollower/install/simple_bot_bringup/share/simple_bot_bringup/local_setup.dsv
[0.644s] -- Symlinking: /home/divyansh/Projects/Robotics/RosLineFollower/install/simple_bot_bringup/share/simple_bot_bringup/package.dsv
[0.650s] -- Symlinking: /home/divyansh/Projects/Robotics/RosLineFollower/install/simple_bot_bringup/share/ament_index/resource_index/packages/simple_bot_bringup
[0.656s] -- Symlinking: /home/divyansh/Projects/Robotics/RosLineFollower/install/simple_bot_bringup/share/simple_bot_bringup/cmake/simple_bot_bringupConfig.cmake
[0.662s] -- Symlinking: /home/divyansh/Projects/Robotics/RosLineFollower/install/simple_bot_bringup/share/simple_bot_bringup/cmake/simple_bot_bringupConfig-version.cmake
[0.667s] -- Symlinking: /home/divyansh/Projects/Robotics/RosLineFollower/install/simple_bot_bringup/share/simple_bot_bringup/package.xml
[0.675s] Invoked command in '/home/divyansh/Projects/Robotics/RosLineFollower/build/simple_bot_bringup' returned '0': AMENT_PREFIX_PATH=/home/divyansh/Projects/Robotics/RosLineFollower/install/simple_bot_description:/home/divyansh/Projects/Robotics/RosLineFollower/install/line_follower_py:${AMENT_PREFIX_PATH} CMAKE_PREFIX_PATH=/home/divyansh/Projects/Robotics/RosLineFollower/install/simple_bot_description:/opt/ros/jazzy/opt/gz_sim_vendor:/opt/ros/jazzy/opt/gz_sensors_vendor:/opt/ros/jazzy/opt/gz_physics_vendor:/opt/ros/jazzy/opt/sdformat_vendor:/opt/ros/jazzy/opt/gz_gui_vendor:/opt/ros/jazzy/opt/gz_transport_vendor:/opt/ros/jazzy/opt/gz_rendering_vendor:/opt/ros/jazzy/opt/gz_plugin_vendor:/opt/ros/jazzy/opt/gz_fuel_tools_vendor:/opt/ros/jazzy/opt/gz_msgs_vendor:/opt/ros/jazzy/opt/gz_common_vendor:/opt/ros/jazzy/opt/gz_math_vendor:/opt/ros/jazzy/opt/gz_utils_vendor:/opt/ros/jazzy/opt/gz_tools_vendor:/opt/ros/jazzy/opt/gz_ogre_next_vendor:/opt/ros/jazzy/opt/gz_dartsim_vendor:/opt/ros/jazzy/opt/gz_cmake_vendor:/opt/ros/jazzy DEBUGINFOD_URLS=https://debuginfod.archlinux.org PYTHONPATH=/home/divyansh/Projects/Robotics/RosLineFollower/build/line_follower_py:/home/divyansh/Projects/Robotics/RosLineFollower/install/line_follower_py/lib/python3.12/site-packages:${PYTHONPATH} /usr/bin/cmake --install /home/divyansh/Projects/Robotics/RosLineFollower/build/simple_bot_bringup
