[0.067s] DEBUG:colcon:Command line arguments: ['/usr/bin/colcon', 'build', '--symlink-install']
[0.067s] DEBUG:colcon:Parsed command line arguments: Namespace(log_base=None, log_level=None, verb_name='build', build_base='build', install_base='install', merge_install=False, symlink_install=True, test_result_base=None, continue_on_error=False, executor='parallel', parallel_workers=12, event_handlers=None, ignore_user_meta=False, metas=['./colcon.meta'], base_paths=['.'], packages_ignore=None, packages_ignore_regex=None, paths=None, packages_up_to=None, packages_up_to_regex=None, packages_above=None, packages_above_and_dependencies=None, packages_above_depth=None, packages_select_by_dep=None, packages_skip_by_dep=None, packages_skip_up_to=None, packages_select_build_failed=False, packages_skip_build_finished=False, packages_select_test_failures=False, packages_skip_test_passed=False, packages_select=None, packages_skip=None, packages_select_regex=None, packages_skip_regex=None, packages_start=None, packages_end=None, allow_overriding=[], cmake_args=None, cmake_target=None, cmake_target_skip_unavailable=False, cmake_clean_cache=False, cmake_clean_first=False, cmake_force_configure=False, ament_cmake_args=None, catkin_cmake_args=None, catkin_skip_building_tests=False, mixin_files=None, mixin=None, verb_parser=<colcon_mixin.mixin.mixin_argument.MixinArgumentDecorator object at 0x7f961e4201a0>, verb_extension=<colcon_core.verb.build.BuildVerb object at 0x7f961e5804a0>, main=<bound method BuildVerb.main of <colcon_core.verb.build.BuildVerb object at 0x7f961e5804a0>>, mixin_verb=('build',))
[0.094s] Level 1:colcon.colcon_core.package_discovery:discover_packages(colcon_meta) check parameters
[0.094s] Level 1:colcon.colcon_core.package_discovery:discover_packages(recursive) check parameters
[0.094s] Level 1:colcon.colcon_core.package_discovery:discover_packages(ignore) check parameters
[0.094s] Level 1:colcon.colcon_core.package_discovery:discover_packages(path) check parameters
[0.094s] Level 1:colcon.colcon_core.package_discovery:discover_packages(colcon_meta) discover
[0.094s] Level 1:colcon.colcon_core.package_discovery:discover_packages(recursive) discover
[0.094s] INFO:colcon.colcon_core.package_discovery:Crawling recursively for packages in '/home/divyansh/Projects/Robotics/RosLineFollower'
[0.094s] Level 1:colcon.colcon_core.package_identification:_identify(.) by extensions ['ignore', 'ignore_ament_install']
[0.094s] Level 1:colcon.colcon_core.package_identification:_identify(.) by extension 'ignore'
[0.095s] Level 1:colcon.colcon_core.package_identification:_identify(.) by extension 'ignore_ament_install'
[0.095s] Level 1:colcon.colcon_core.package_identification:_identify(.) by extensions ['colcon_pkg']
[0.095s] Level 1:colcon.colcon_core.package_identification:_identify(.) by extension 'colcon_pkg'
[0.095s] Level 1:colcon.colcon_core.package_identification:_identify(.) by extensions ['colcon_meta']
[0.095s] Level 1:colcon.colcon_core.package_identification:_identify(.) by extension 'colcon_meta'
[0.095s] Level 1:colcon.colcon_core.package_identification:_identify(.) by extensions ['ros']
[0.095s] Level 1:colcon.colcon_core.package_identification:_identify(.) by extension 'ros'
[0.113s] Level 1:colcon.colcon_core.package_identification:_identify(.) by extensions ['cmake', 'python']
[0.113s] Level 1:colcon.colcon_core.package_identification:_identify(.) by extension 'cmake'
[0.113s] Level 1:colcon.colcon_core.package_identification:_identify(.) by extension 'python'
[0.113s] Level 1:colcon.colcon_core.package_identification:_identify(.) by extensions ['python_setup_py']
[0.113s] Level 1:colcon.colcon_core.package_identification:_identify(.) by extension 'python_setup_py'
[0.113s] Level 1:colcon.colcon_core.package_identification:_identify(build) by extensions ['ignore', 'ignore_ament_install']
[0.114s] Level 1:colcon.colcon_core.package_identification:_identify(build) by extension 'ignore'
[0.114s] Level 1:colcon.colcon_core.package_identification:_identify(build) ignored
[0.114s] Level 1:colcon.colcon_core.package_identification:_identify(install) by extensions ['ignore', 'ignore_ament_install']
[0.114s] Level 1:colcon.colcon_core.package_identification:_identify(install) by extension 'ignore'
[0.114s] Level 1:colcon.colcon_core.package_identification:_identify(install) ignored
[0.114s] Level 1:colcon.colcon_core.package_identification:_identify(log) by extensions ['ignore', 'ignore_ament_install']
[0.114s] Level 1:colcon.colcon_core.package_identification:_identify(log) by extension 'ignore'
[0.114s] Level 1:colcon.colcon_core.package_identification:_identify(log) ignored
[0.114s] Level 1:colcon.colcon_core.package_identification:_identify(src) by extensions ['ignore', 'ignore_ament_install']
[0.114s] Level 1:colcon.colcon_core.package_identification:_identify(src) by extension 'ignore'
[0.115s] Level 1:colcon.colcon_core.package_identification:_identify(src) by extension 'ignore_ament_install'
[0.115s] Level 1:colcon.colcon_core.package_identification:_identify(src) by extensions ['colcon_pkg']
[0.115s] Level 1:colcon.colcon_core.package_identification:_identify(src) by extension 'colcon_pkg'
[0.115s] Level 1:colcon.colcon_core.package_identification:_identify(src) by extensions ['colcon_meta']
[0.115s] Level 1:colcon.colcon_core.package_identification:_identify(src) by extension 'colcon_meta'
[0.115s] Level 1:colcon.colcon_core.package_identification:_identify(src) by extensions ['ros']
[0.115s] Level 1:colcon.colcon_core.package_identification:_identify(src) by extension 'ros'
[0.115s] Level 1:colcon.colcon_core.package_identification:_identify(src) by extensions ['cmake', 'python']
[0.115s] Level 1:colcon.colcon_core.package_identification:_identify(src) by extension 'cmake'
[0.115s] Level 1:colcon.colcon_core.package_identification:_identify(src) by extension 'python'
[0.115s] Level 1:colcon.colcon_core.package_identification:_identify(src) by extensions ['python_setup_py']
[0.115s] Level 1:colcon.colcon_core.package_identification:_identify(src) by extension 'python_setup_py'
[0.115s] Level 1:colcon.colcon_core.package_identification:_identify(src/line_follower_py) by extensions ['ignore', 'ignore_ament_install']
[0.115s] Level 1:colcon.colcon_core.package_identification:_identify(src/line_follower_py) by extension 'ignore'
[0.115s] Level 1:colcon.colcon_core.package_identification:_identify(src/line_follower_py) by extension 'ignore_ament_install'
[0.115s] Level 1:colcon.colcon_core.package_identification:_identify(src/line_follower_py) by extensions ['colcon_pkg']
[0.116s] Level 1:colcon.colcon_core.package_identification:_identify(src/line_follower_py) by extension 'colcon_pkg'
[0.116s] Level 1:colcon.colcon_core.package_identification:_identify(src/line_follower_py) by extensions ['colcon_meta']
[0.116s] Level 1:colcon.colcon_core.package_identification:_identify(src/line_follower_py) by extension 'colcon_meta'
[0.116s] Level 1:colcon.colcon_core.package_identification:_identify(src/line_follower_py) by extensions ['ros']
[0.116s] Level 1:colcon.colcon_core.package_identification:_identify(src/line_follower_py) by extension 'ros'
[0.118s] DEBUG:colcon.colcon_core.package_identification:Package 'src/line_follower_py' with type 'ros.ament_python' and name 'line_follower_py'
[0.118s] Level 1:colcon.colcon_core.package_identification:_identify(src/simple_bot_bringup) by extensions ['ignore', 'ignore_ament_install']
[0.118s] Level 1:colcon.colcon_core.package_identification:_identify(src/simple_bot_bringup) by extension 'ignore'
[0.118s] Level 1:colcon.colcon_core.package_identification:_identify(src/simple_bot_bringup) by extension 'ignore_ament_install'
[0.118s] Level 1:colcon.colcon_core.package_identification:_identify(src/simple_bot_bringup) by extensions ['colcon_pkg']
[0.118s] Level 1:colcon.colcon_core.package_identification:_identify(src/simple_bot_bringup) by extension 'colcon_pkg'
[0.118s] Level 1:colcon.colcon_core.package_identification:_identify(src/simple_bot_bringup) by extensions ['colcon_meta']
[0.118s] Level 1:colcon.colcon_core.package_identification:_identify(src/simple_bot_bringup) by extension 'colcon_meta'
[0.119s] Level 1:colcon.colcon_core.package_identification:_identify(src/simple_bot_bringup) by extensions ['ros']
[0.119s] Level 1:colcon.colcon_core.package_identification:_identify(src/simple_bot_bringup) by extension 'ros'
[0.119s] DEBUG:colcon.colcon_core.package_identification:Package 'src/simple_bot_bringup' with type 'ros.ament_cmake' and name 'simple_bot_bringup'
[0.119s] Level 1:colcon.colcon_core.package_identification:_identify(src/simple_bot_description) by extensions ['ignore', 'ignore_ament_install']
[0.119s] Level 1:colcon.colcon_core.package_identification:_identify(src/simple_bot_description) by extension 'ignore'
[0.119s] Level 1:colcon.colcon_core.package_identification:_identify(src/simple_bot_description) by extension 'ignore_ament_install'
[0.119s] Level 1:colcon.colcon_core.package_identification:_identify(src/simple_bot_description) by extensions ['colcon_pkg']
[0.119s] Level 1:colcon.colcon_core.package_identification:_identify(src/simple_bot_description) by extension 'colcon_pkg'
[0.119s] Level 1:colcon.colcon_core.package_identification:_identify(src/simple_bot_description) by extensions ['colcon_meta']
[0.119s] Level 1:colcon.colcon_core.package_identification:_identify(src/simple_bot_description) by extension 'colcon_meta'
[0.119s] Level 1:colcon.colcon_core.package_identification:_identify(src/simple_bot_description) by extensions ['ros']
[0.119s] Level 1:colcon.colcon_core.package_identification:_identify(src/simple_bot_description) by extension 'ros'
[0.119s] DEBUG:colcon.colcon_core.package_identification:Package 'src/simple_bot_description' with type 'ros.ament_cmake' and name 'simple_bot_description'
[0.119s] Level 1:colcon.colcon_core.package_discovery:discover_packages(recursive) using defaults
[0.119s] Level 1:colcon.colcon_core.package_discovery:discover_packages(ignore) discover
[0.119s] Level 1:colcon.colcon_core.package_discovery:discover_packages(ignore) using defaults
[0.119s] Level 1:colcon.colcon_core.package_discovery:discover_packages(path) discover
[0.119s] Level 1:colcon.colcon_core.package_discovery:discover_packages(path) using defaults
[0.138s] Level 1:colcon.colcon_core.package_discovery:discover_packages(prefix_path) check parameters
[0.138s] Level 1:colcon.colcon_core.package_discovery:discover_packages(prefix_path) discover
[0.139s] DEBUG:colcon.colcon_installed_package_information.package_discovery:Found 3 installed packages in /home/divyansh/Projects/Robotics/RosLineFollower/install
[0.140s] DEBUG:colcon.colcon_installed_package_information.package_discovery:Found 338 installed packages in /opt/ros/jazzy
[0.141s] Level 1:colcon.colcon_core.package_discovery:discover_packages(prefix_path) using defaults
[0.164s] Level 5:colcon.colcon_core.verb:set package 'line_follower_py' build argument 'cmake_args' from command line to 'None'
[0.164s] Level 5:colcon.colcon_core.verb:set package 'line_follower_py' build argument 'cmake_target' from command line to 'None'
[0.164s] Level 5:colcon.colcon_core.verb:set package 'line_follower_py' build argument 'cmake_target_skip_unavailable' from command line to 'False'
[0.164s] Level 5:colcon.colcon_core.verb:set package 'line_follower_py' build argument 'cmake_clean_cache' from command line to 'False'
[0.164s] Level 5:colcon.colcon_core.verb:set package 'line_follower_py' build argument 'cmake_clean_first' from command line to 'False'
[0.164s] Level 5:colcon.colcon_core.verb:set package 'line_follower_py' build argument 'cmake_force_configure' from command line to 'False'
[0.164s] Level 5:colcon.colcon_core.verb:set package 'line_follower_py' build argument 'ament_cmake_args' from command line to 'None'
[0.164s] Level 5:colcon.colcon_core.verb:set package 'line_follower_py' build argument 'catkin_cmake_args' from command line to 'None'
[0.164s] Level 5:colcon.colcon_core.verb:set package 'line_follower_py' build argument 'catkin_skip_building_tests' from command line to 'False'
[0.164s] DEBUG:colcon.colcon_core.verb:Building package 'line_follower_py' with the following arguments: {'ament_cmake_args': None, 'build_base': '/home/divyansh/Projects/Robotics/RosLineFollower/build/line_follower_py', 'catkin_cmake_args': None, 'catkin_skip_building_tests': False, 'cmake_args': None, 'cmake_clean_cache': False, 'cmake_clean_first': False, 'cmake_force_configure': False, 'cmake_target': None, 'cmake_target_skip_unavailable': False, 'install_base': '/home/divyansh/Projects/Robotics/RosLineFollower/install/line_follower_py', 'merge_install': False, 'path': '/home/divyansh/Projects/Robotics/RosLineFollower/src/line_follower_py', 'symlink_install': True, 'test_result_base': None}
[0.164s] Level 5:colcon.colcon_core.verb:set package 'simple_bot_description' build argument 'cmake_args' from command line to 'None'
[0.164s] Level 5:colcon.colcon_core.verb:set package 'simple_bot_description' build argument 'cmake_target' from command line to 'None'
[0.165s] Level 5:colcon.colcon_core.verb:set package 'simple_bot_description' build argument 'cmake_target_skip_unavailable' from command line to 'False'
[0.165s] Level 5:colcon.colcon_core.verb:set package 'simple_bot_description' build argument 'cmake_clean_cache' from command line to 'False'
[0.165s] Level 5:colcon.colcon_core.verb:set package 'simple_bot_description' build argument 'cmake_clean_first' from command line to 'False'
[0.165s] Level 5:colcon.colcon_core.verb:set package 'simple_bot_description' build argument 'cmake_force_configure' from command line to 'False'
[0.165s] Level 5:colcon.colcon_core.verb:set package 'simple_bot_description' build argument 'ament_cmake_args' from command line to 'None'
[0.165s] Level 5:colcon.colcon_core.verb:set package 'simple_bot_description' build argument 'catkin_cmake_args' from command line to 'None'
[0.165s] Level 5:colcon.colcon_core.verb:set package 'simple_bot_description' build argument 'catkin_skip_building_tests' from command line to 'False'
[0.165s] DEBUG:colcon.colcon_core.verb:Building package 'simple_bot_description' with the following arguments: {'ament_cmake_args': None, 'build_base': '/home/divyansh/Projects/Robotics/RosLineFollower/build/simple_bot_description', 'catkin_cmake_args': None, 'catkin_skip_building_tests': False, 'cmake_args': None, 'cmake_clean_cache': False, 'cmake_clean_first': False, 'cmake_force_configure': False, 'cmake_target': None, 'cmake_target_skip_unavailable': False, 'install_base': '/home/divyansh/Projects/Robotics/RosLineFollower/install/simple_bot_description', 'merge_install': False, 'path': '/home/divyansh/Projects/Robotics/RosLineFollower/src/simple_bot_description', 'symlink_install': True, 'test_result_base': None}
[0.165s] Level 5:colcon.colcon_core.verb:set package 'simple_bot_bringup' build argument 'cmake_args' from command line to 'None'
[0.165s] Level 5:colcon.colcon_core.verb:set package 'simple_bot_bringup' build argument 'cmake_target' from command line to 'None'
[0.165s] Level 5:colcon.colcon_core.verb:set package 'simple_bot_bringup' build argument 'cmake_target_skip_unavailable' from command line to 'False'
[0.165s] Level 5:colcon.colcon_core.verb:set package 'simple_bot_bringup' build argument 'cmake_clean_cache' from command line to 'False'
[0.165s] Level 5:colcon.colcon_core.verb:set package 'simple_bot_bringup' build argument 'cmake_clean_first' from command line to 'False'
[0.165s] Level 5:colcon.colcon_core.verb:set package 'simple_bot_bringup' build argument 'cmake_force_configure' from command line to 'False'
[0.165s] Level 5:colcon.colcon_core.verb:set package 'simple_bot_bringup' build argument 'ament_cmake_args' from command line to 'None'
[0.165s] Level 5:colcon.colcon_core.verb:set package 'simple_bot_bringup' build argument 'catkin_cmake_args' from command line to 'None'
[0.165s] Level 5:colcon.colcon_core.verb:set package 'simple_bot_bringup' build argument 'catkin_skip_building_tests' from command line to 'False'
[0.165s] DEBUG:colcon.colcon_core.verb:Building package 'simple_bot_bringup' with the following arguments: {'ament_cmake_args': None, 'build_base': '/home/divyansh/Projects/Robotics/RosLineFollower/build/simple_bot_bringup', 'catkin_cmake_args': None, 'catkin_skip_building_tests': False, 'cmake_args': None, 'cmake_clean_cache': False, 'cmake_clean_first': False, 'cmake_force_configure': False, 'cmake_target': None, 'cmake_target_skip_unavailable': False, 'install_base': '/home/divyansh/Projects/Robotics/RosLineFollower/install/simple_bot_bringup', 'merge_install': False, 'path': '/home/divyansh/Projects/Robotics/RosLineFollower/src/simple_bot_bringup', 'symlink_install': True, 'test_result_base': None}
[0.165s] INFO:colcon.colcon_core.executor:Executing jobs using 'parallel' executor
[0.165s] DEBUG:colcon.colcon_parallel_executor.executor.parallel:run_until_complete
[0.165s] INFO:colcon.colcon_ros.task.ament_python.build:Building ROS package in '/home/divyansh/Projects/Robotics/RosLineFollower/src/line_follower_py' with build type 'ament_python'
[0.166s] Level 1:colcon.colcon_core.shell:create_environment_hook('line_follower_py', 'ament_prefix_path')
[0.167s] INFO:colcon.colcon_core.plugin_system:Skipping extension 'colcon_core.shell.bat': Not used on non-Windows systems
[0.167s] INFO:colcon.colcon_core.shell:Creating environment hook '/home/divyansh/Projects/Robotics/RosLineFollower/install/line_follower_py/share/line_follower_py/hook/ament_prefix_path.ps1'
[0.167s] INFO:colcon.colcon_core.shell:Creating environment descriptor '/home/divyansh/Projects/Robotics/RosLineFollower/install/line_follower_py/share/line_follower_py/hook/ament_prefix_path.dsv'
[0.168s] INFO:colcon.colcon_core.shell:Creating environment hook '/home/divyansh/Projects/Robotics/RosLineFollower/install/line_follower_py/share/line_follower_py/hook/ament_prefix_path.sh'
[0.168s] INFO:colcon.colcon_core.shell:Skip shell extension 'powershell' for command environment: Not usable outside of PowerShell
[0.168s] DEBUG:colcon.colcon_core.shell:Skip shell extension 'dsv' for command environment
[0.170s] INFO:colcon.colcon_ros.task.ament_cmake.build:Building ROS package in '/home/divyansh/Projects/Robotics/RosLineFollower/src/simple_bot_description' with build type 'ament_cmake'
[0.170s] INFO:colcon.colcon_cmake.task.cmake.build:Building CMake package in '/home/divyansh/Projects/Robotics/RosLineFollower/src/simple_bot_description'
[0.170s] INFO:colcon.colcon_core.shell:Skip shell extension 'powershell' for command environment: Not usable outside of PowerShell
[0.170s] DEBUG:colcon.colcon_core.shell:Skip shell extension 'dsv' for command environment
[0.296s] INFO:colcon.colcon_core.task.python.build:Building Python package in '/home/divyansh/Projects/Robotics/RosLineFollower/src/line_follower_py'
[0.296s] INFO:colcon.colcon_core.shell:Skip shell extension 'powershell' for command environment: Not usable outside of PowerShell
[0.296s] DEBUG:colcon.colcon_core.shell:Skip shell extension 'dsv' for command environment
[0.301s] DEBUG:colcon.colcon_core.event_handler.log_command:Invoking command in '/home/divyansh/Projects/Robotics/RosLineFollower/build/simple_bot_description': CMAKE_PREFIX_PATH=${CMAKE_PREFIX_PATH}:/home/divyansh/Projects/Robotics/RosLineFollower/install/line_follower_py:/opt/ros/jazzy DEBUGINFOD_URLS=https://debuginfod.archlinux.org /usr/bin/cmake --build /home/divyansh/Projects/Robotics/RosLineFollower/build/simple_bot_description -- -j12 -l12
[0.336s] DEBUG:colcon.colcon_core.event_handler.log_command:Invoked command in '/home/divyansh/Projects/Robotics/RosLineFollower/build/simple_bot_description' returned '0': CMAKE_PREFIX_PATH=${CMAKE_PREFIX_PATH}:/home/divyansh/Projects/Robotics/RosLineFollower/install/line_follower_py:/opt/ros/jazzy DEBUGINFOD_URLS=https://debuginfod.archlinux.org /usr/bin/cmake --build /home/divyansh/Projects/Robotics/RosLineFollower/build/simple_bot_description -- -j12 -l12
[0.344s] DEBUG:colcon.colcon_core.event_handler.log_command:Invoking command in '/home/divyansh/Projects/Robotics/RosLineFollower/build/simple_bot_description': CMAKE_PREFIX_PATH=${CMAKE_PREFIX_PATH}:/home/divyansh/Projects/Robotics/RosLineFollower/install/line_follower_py:/opt/ros/jazzy DEBUGINFOD_URLS=https://debuginfod.archlinux.org /usr/bin/cmake --install /home/divyansh/Projects/Robotics/RosLineFollower/build/simple_bot_description
[0.361s] Level 1:colcon.colcon_core.environment:create_environment_scripts_only(simple_bot_description)
[0.361s] DEBUG:colcon.colcon_core.event_handler.log_command:Invoked command in '/home/divyansh/Projects/Robotics/RosLineFollower/build/simple_bot_description' returned '0': CMAKE_PREFIX_PATH=${CMAKE_PREFIX_PATH}:/home/divyansh/Projects/Robotics/RosLineFollower/install/line_follower_py:/opt/ros/jazzy DEBUGINFOD_URLS=https://debuginfod.archlinux.org /usr/bin/cmake --install /home/divyansh/Projects/Robotics/RosLineFollower/build/simple_bot_description
[0.363s] Level 1:colcon.colcon_core.environment:checking '/home/divyansh/Projects/Robotics/RosLineFollower/install/simple_bot_description' for CMake module files
[0.363s] Level 1:colcon.colcon_core.environment:checking '/home/divyansh/Projects/Robotics/RosLineFollower/install/simple_bot_description' for CMake config files
[0.364s] Level 1:colcon.colcon_core.shell:create_environment_hook('simple_bot_description', 'cmake_prefix_path')
[0.364s] INFO:colcon.colcon_core.shell:Creating environment hook '/home/divyansh/Projects/Robotics/RosLineFollower/install/simple_bot_description/share/simple_bot_description/hook/cmake_prefix_path.ps1'
[0.364s] INFO:colcon.colcon_core.shell:Creating environment descriptor '/home/divyansh/Projects/Robotics/RosLineFollower/install/simple_bot_description/share/simple_bot_description/hook/cmake_prefix_path.dsv'
[0.364s] INFO:colcon.colcon_core.shell:Creating environment hook '/home/divyansh/Projects/Robotics/RosLineFollower/install/simple_bot_description/share/simple_bot_description/hook/cmake_prefix_path.sh'
[0.365s] Level 1:colcon.colcon_core.environment:checking '/home/divyansh/Projects/Robotics/RosLineFollower/install/simple_bot_description/bin'
[0.365s] Level 1:colcon.colcon_core.environment:checking '/home/divyansh/Projects/Robotics/RosLineFollower/install/simple_bot_description/lib/pkgconfig/simple_bot_description.pc'
[0.365s] Level 1:colcon.colcon_core.environment:checking '/home/divyansh/Projects/Robotics/RosLineFollower/install/simple_bot_description/lib/python3.12/site-packages'
[0.365s] Level 1:colcon.colcon_core.environment:checking '/home/divyansh/Projects/Robotics/RosLineFollower/install/simple_bot_description/bin'
[0.365s] INFO:colcon.colcon_core.shell:Creating package script '/home/divyansh/Projects/Robotics/RosLineFollower/install/simple_bot_description/share/simple_bot_description/package.ps1'
[0.366s] INFO:colcon.colcon_core.shell:Creating package descriptor '/home/divyansh/Projects/Robotics/RosLineFollower/install/simple_bot_description/share/simple_bot_description/package.dsv'
[0.366s] INFO:colcon.colcon_core.shell:Creating package script '/home/divyansh/Projects/Robotics/RosLineFollower/install/simple_bot_description/share/simple_bot_description/package.sh'
[0.367s] INFO:colcon.colcon_core.shell:Creating package script '/home/divyansh/Projects/Robotics/RosLineFollower/install/simple_bot_description/share/simple_bot_description/package.bash'
[0.367s] INFO:colcon.colcon_core.shell:Creating package script '/home/divyansh/Projects/Robotics/RosLineFollower/install/simple_bot_description/share/simple_bot_description/package.zsh'
[0.368s] Level 1:colcon.colcon_core.environment:create_file_with_runtime_dependencies(/home/divyansh/Projects/Robotics/RosLineFollower/install/simple_bot_description/share/colcon-core/packages/simple_bot_description)
[0.368s] Level 1:colcon.colcon_core.environment:create_environment_scripts_only(simple_bot_description)
[0.368s] Level 1:colcon.colcon_core.environment:checking '/home/divyansh/Projects/Robotics/RosLineFollower/install/simple_bot_description' for CMake module files
[0.368s] Level 1:colcon.colcon_core.environment:checking '/home/divyansh/Projects/Robotics/RosLineFollower/install/simple_bot_description' for CMake config files
[0.369s] Level 1:colcon.colcon_core.shell:create_environment_hook('simple_bot_description', 'cmake_prefix_path')
[0.369s] INFO:colcon.colcon_core.shell:Creating environment hook '/home/divyansh/Projects/Robotics/RosLineFollower/install/simple_bot_description/share/simple_bot_description/hook/cmake_prefix_path.ps1'
[0.369s] INFO:colcon.colcon_core.shell:Creating environment descriptor '/home/divyansh/Projects/Robotics/RosLineFollower/install/simple_bot_description/share/simple_bot_description/hook/cmake_prefix_path.dsv'
[0.369s] INFO:colcon.colcon_core.shell:Creating environment hook '/home/divyansh/Projects/Robotics/RosLineFollower/install/simple_bot_description/share/simple_bot_description/hook/cmake_prefix_path.sh'
[0.369s] Level 1:colcon.colcon_core.environment:checking '/home/divyansh/Projects/Robotics/RosLineFollower/install/simple_bot_description/bin'
[0.370s] Level 1:colcon.colcon_core.environment:checking '/home/divyansh/Projects/Robotics/RosLineFollower/install/simple_bot_description/lib/pkgconfig/simple_bot_description.pc'
[0.370s] Level 1:colcon.colcon_core.environment:checking '/home/divyansh/Projects/Robotics/RosLineFollower/install/simple_bot_description/lib/python3.12/site-packages'
[0.370s] Level 1:colcon.colcon_core.environment:checking '/home/divyansh/Projects/Robotics/RosLineFollower/install/simple_bot_description/bin'
[0.370s] INFO:colcon.colcon_core.shell:Creating package script '/home/divyansh/Projects/Robotics/RosLineFollower/install/simple_bot_description/share/simple_bot_description/package.ps1'
[0.370s] INFO:colcon.colcon_core.shell:Creating package descriptor '/home/divyansh/Projects/Robotics/RosLineFollower/install/simple_bot_description/share/simple_bot_description/package.dsv'
[0.371s] INFO:colcon.colcon_core.shell:Creating package script '/home/divyansh/Projects/Robotics/RosLineFollower/install/simple_bot_description/share/simple_bot_description/package.sh'
[0.371s] INFO:colcon.colcon_core.shell:Creating package script '/home/divyansh/Projects/Robotics/RosLineFollower/install/simple_bot_description/share/simple_bot_description/package.bash'
[0.371s] INFO:colcon.colcon_core.shell:Creating package script '/home/divyansh/Projects/Robotics/RosLineFollower/install/simple_bot_description/share/simple_bot_description/package.zsh'
[0.371s] Level 1:colcon.colcon_core.environment:create_file_with_runtime_dependencies(/home/divyansh/Projects/Robotics/RosLineFollower/install/simple_bot_description/share/colcon-core/packages/simple_bot_description)
[0.610s] DEBUG:colcon.colcon_core.event_handler.log_command:Invoking command in '/home/divyansh/Projects/Robotics/RosLineFollower/build/line_follower_py': DEBUGINFOD_URLS=https://debuginfod.archlinux.org PYTHONPATH=/home/divyansh/Projects/Robotics/RosLineFollower/build/line_follower_py/prefix_override:/usr/lib/python3/dist-packages/colcon_core/task/python/colcon_distutils_commands:/home/divyansh/Projects/Robotics/RosLineFollower/install/line_follower_py/lib/python3.12/site-packages:${PYTHONPATH} /usr/bin/python3 -W ignore:setup.py install is deprecated -W ignore:easy_install command is deprecated setup.py develop --editable --build-directory /home/divyansh/Projects/Robotics/RosLineFollower/build/line_follower_py/build --no-deps symlink_data
[0.999s] Level 1:colcon.colcon_core.shell:create_environment_hook('line_follower_py', 'pythonpath_develop')
[0.999s] INFO:colcon.colcon_core.shell:Creating environment hook '/home/divyansh/Projects/Robotics/RosLineFollower/build/line_follower_py/share/line_follower_py/hook/pythonpath_develop.ps1'
[0.999s] DEBUG:colcon.colcon_core.event_handler.log_command:Invoked command in '/home/divyansh/Projects/Robotics/RosLineFollower/build/line_follower_py' returned '0': DEBUGINFOD_URLS=https://debuginfod.archlinux.org PYTHONPATH=/home/divyansh/Projects/Robotics/RosLineFollower/build/line_follower_py/prefix_override:/usr/lib/python3/dist-packages/colcon_core/task/python/colcon_distutils_commands:/home/divyansh/Projects/Robotics/RosLineFollower/install/line_follower_py/lib/python3.12/site-packages:${PYTHONPATH} /usr/bin/python3 -W ignore:setup.py install is deprecated -W ignore:easy_install command is deprecated setup.py develop --editable --build-directory /home/divyansh/Projects/Robotics/RosLineFollower/build/line_follower_py/build --no-deps symlink_data
[0.999s] INFO:colcon.colcon_core.shell:Creating environment descriptor '/home/divyansh/Projects/Robotics/RosLineFollower/build/line_follower_py/share/line_follower_py/hook/pythonpath_develop.dsv'
[1.000s] INFO:colcon.colcon_core.shell:Creating environment hook '/home/divyansh/Projects/Robotics/RosLineFollower/build/line_follower_py/share/line_follower_py/hook/pythonpath_develop.sh'
[1.000s] Level 1:colcon.colcon_core.environment:checking '/home/divyansh/Projects/Robotics/RosLineFollower/install/line_follower_py' for CMake module files
[1.000s] Level 1:colcon.colcon_core.environment:checking '/home/divyansh/Projects/Robotics/RosLineFollower/install/line_follower_py' for CMake config files
[1.000s] Level 1:colcon.colcon_core.environment:checking '/home/divyansh/Projects/Robotics/RosLineFollower/install/line_follower_py/lib'
[1.001s] Level 1:colcon.colcon_core.environment:checking '/home/divyansh/Projects/Robotics/RosLineFollower/install/line_follower_py/bin'
[1.001s] Level 1:colcon.colcon_core.environment:checking '/home/divyansh/Projects/Robotics/RosLineFollower/install/line_follower_py/lib/pkgconfig/line_follower_py.pc'
[1.001s] Level 1:colcon.colcon_core.environment:checking '/home/divyansh/Projects/Robotics/RosLineFollower/install/line_follower_py/lib/python3.12/site-packages'
[1.001s] Level 1:colcon.colcon_core.shell:create_environment_hook('line_follower_py', 'pythonpath')
[1.001s] INFO:colcon.colcon_core.shell:Creating environment hook '/home/divyansh/Projects/Robotics/RosLineFollower/install/line_follower_py/share/line_follower_py/hook/pythonpath.ps1'
[1.001s] INFO:colcon.colcon_core.shell:Creating environment descriptor '/home/divyansh/Projects/Robotics/RosLineFollower/install/line_follower_py/share/line_follower_py/hook/pythonpath.dsv'
[1.001s] INFO:colcon.colcon_core.shell:Creating environment hook '/home/divyansh/Projects/Robotics/RosLineFollower/install/line_follower_py/share/line_follower_py/hook/pythonpath.sh'
[1.002s] Level 1:colcon.colcon_core.environment:checking '/home/divyansh/Projects/Robotics/RosLineFollower/install/line_follower_py/bin'
[1.002s] Level 1:colcon.colcon_core.environment:create_environment_scripts_only(line_follower_py)
[1.002s] INFO:colcon.colcon_core.shell:Creating package script '/home/divyansh/Projects/Robotics/RosLineFollower/install/line_follower_py/share/line_follower_py/package.ps1'
[1.002s] INFO:colcon.colcon_core.shell:Creating package descriptor '/home/divyansh/Projects/Robotics/RosLineFollower/install/line_follower_py/share/line_follower_py/package.dsv'
[1.003s] INFO:colcon.colcon_core.shell:Creating package script '/home/divyansh/Projects/Robotics/RosLineFollower/install/line_follower_py/share/line_follower_py/package.sh'
[1.003s] INFO:colcon.colcon_core.shell:Creating package script '/home/divyansh/Projects/Robotics/RosLineFollower/install/line_follower_py/share/line_follower_py/package.bash'
[1.003s] INFO:colcon.colcon_core.shell:Creating package script '/home/divyansh/Projects/Robotics/RosLineFollower/install/line_follower_py/share/line_follower_py/package.zsh'
[1.003s] Level 1:colcon.colcon_core.environment:create_file_with_runtime_dependencies(/home/divyansh/Projects/Robotics/RosLineFollower/install/line_follower_py/share/colcon-core/packages/line_follower_py)
[1.003s] INFO:colcon.colcon_ros.task.ament_cmake.build:Building ROS package in '/home/divyansh/Projects/Robotics/RosLineFollower/src/simple_bot_bringup' with build type 'ament_cmake'
[1.003s] INFO:colcon.colcon_cmake.task.cmake.build:Building CMake package in '/home/divyansh/Projects/Robotics/RosLineFollower/src/simple_bot_bringup'
[1.003s] INFO:colcon.colcon_core.shell:Skip shell extension 'powershell' for command environment: Not usable outside of PowerShell
[1.003s] DEBUG:colcon.colcon_core.shell:Skip shell extension 'dsv' for command environment
[1.013s] DEBUG:colcon.colcon_core.event_handler.log_command:Invoking command in '/home/divyansh/Projects/Robotics/RosLineFollower/build/simple_bot_bringup': AMENT_PREFIX_PATH=/home/divyansh/Projects/Robotics/RosLineFollower/install/line_follower_py:/home/divyansh/Projects/Robotics/RosLineFollower/install/simple_bot_bringup:/home/divyansh/Projects/Robotics/RosLineFollower/install/simple_bot_description:/opt/ros/jazzy CMAKE_PREFIX_PATH=/home/divyansh/Projects/Robotics/RosLineFollower/install/simple_bot_description:/home/divyansh/Projects/Robotics/RosLineFollower/install/simple_bot_bringup:/opt/ros/jazzy/opt/gz_sim_vendor:/opt/ros/jazzy/opt/gz_sensors_vendor:/opt/ros/jazzy/opt/gz_physics_vendor:/opt/ros/jazzy/opt/sdformat_vendor:/opt/ros/jazzy/opt/gz_gui_vendor:/opt/ros/jazzy/opt/gz_transport_vendor:/opt/ros/jazzy/opt/gz_rendering_vendor:/opt/ros/jazzy/opt/gz_plugin_vendor:/opt/ros/jazzy/opt/gz_fuel_tools_vendor:/opt/ros/jazzy/opt/gz_msgs_vendor:/opt/ros/jazzy/opt/gz_common_vendor:/opt/ros/jazzy/opt/gz_math_vendor:/opt/ros/jazzy/opt/gz_utils_vendor:/opt/ros/jazzy/opt/gz_tools_vendor:/opt/ros/jazzy/opt/gz_ogre_next_vendor:/opt/ros/jazzy/opt/gz_dartsim_vendor:/opt/ros/jazzy/opt/gz_cmake_vendor:/home/divyansh/Projects/Robotics/RosLineFollower/install/line_follower_py:/opt/ros/jazzy DEBUGINFOD_URLS=https://debuginfod.archlinux.org /usr/bin/cmake --build /home/divyansh/Projects/Robotics/RosLineFollower/build/simple_bot_bringup -- -j12 -l12
[1.046s] DEBUG:colcon.colcon_core.event_handler.log_command:Invoked command in '/home/divyansh/Projects/Robotics/RosLineFollower/build/simple_bot_bringup' returned '0': AMENT_PREFIX_PATH=/home/divyansh/Projects/Robotics/RosLineFollower/install/line_follower_py:/home/divyansh/Projects/Robotics/RosLineFollower/install/simple_bot_bringup:/home/divyansh/Projects/Robotics/RosLineFollower/install/simple_bot_description:/opt/ros/jazzy CMAKE_PREFIX_PATH=/home/divyansh/Projects/Robotics/RosLineFollower/install/simple_bot_description:/home/divyansh/Projects/Robotics/RosLineFollower/install/simple_bot_bringup:/opt/ros/jazzy/opt/gz_sim_vendor:/opt/ros/jazzy/opt/gz_sensors_vendor:/opt/ros/jazzy/opt/gz_physics_vendor:/opt/ros/jazzy/opt/sdformat_vendor:/opt/ros/jazzy/opt/gz_gui_vendor:/opt/ros/jazzy/opt/gz_transport_vendor:/opt/ros/jazzy/opt/gz_rendering_vendor:/opt/ros/jazzy/opt/gz_plugin_vendor:/opt/ros/jazzy/opt/gz_fuel_tools_vendor:/opt/ros/jazzy/opt/gz_msgs_vendor:/opt/ros/jazzy/opt/gz_common_vendor:/opt/ros/jazzy/opt/gz_math_vendor:/opt/ros/jazzy/opt/gz_utils_vendor:/opt/ros/jazzy/opt/gz_tools_vendor:/opt/ros/jazzy/opt/gz_ogre_next_vendor:/opt/ros/jazzy/opt/gz_dartsim_vendor:/opt/ros/jazzy/opt/gz_cmake_vendor:/home/divyansh/Projects/Robotics/RosLineFollower/install/line_follower_py:/opt/ros/jazzy DEBUGINFOD_URLS=https://debuginfod.archlinux.org /usr/bin/cmake --build /home/divyansh/Projects/Robotics/RosLineFollower/build/simple_bot_bringup -- -j12 -l12
[1.047s] DEBUG:colcon.colcon_core.event_handler.log_command:Invoking command in '/home/divyansh/Projects/Robotics/RosLineFollower/build/simple_bot_bringup': AMENT_PREFIX_PATH=/home/divyansh/Projects/Robotics/RosLineFollower/install/line_follower_py:/home/divyansh/Projects/Robotics/RosLineFollower/install/simple_bot_bringup:/home/divyansh/Projects/Robotics/RosLineFollower/install/simple_bot_description:/opt/ros/jazzy CMAKE_PREFIX_PATH=/home/divyansh/Projects/Robotics/RosLineFollower/install/simple_bot_description:/home/divyansh/Projects/Robotics/RosLineFollower/install/simple_bot_bringup:/opt/ros/jazzy/opt/gz_sim_vendor:/opt/ros/jazzy/opt/gz_sensors_vendor:/opt/ros/jazzy/opt/gz_physics_vendor:/opt/ros/jazzy/opt/sdformat_vendor:/opt/ros/jazzy/opt/gz_gui_vendor:/opt/ros/jazzy/opt/gz_transport_vendor:/opt/ros/jazzy/opt/gz_rendering_vendor:/opt/ros/jazzy/opt/gz_plugin_vendor:/opt/ros/jazzy/opt/gz_fuel_tools_vendor:/opt/ros/jazzy/opt/gz_msgs_vendor:/opt/ros/jazzy/opt/gz_common_vendor:/opt/ros/jazzy/opt/gz_math_vendor:/opt/ros/jazzy/opt/gz_utils_vendor:/opt/ros/jazzy/opt/gz_tools_vendor:/opt/ros/jazzy/opt/gz_ogre_next_vendor:/opt/ros/jazzy/opt/gz_dartsim_vendor:/opt/ros/jazzy/opt/gz_cmake_vendor:/home/divyansh/Projects/Robotics/RosLineFollower/install/line_follower_py:/opt/ros/jazzy DEBUGINFOD_URLS=https://debuginfod.archlinux.org /usr/bin/cmake --install /home/divyansh/Projects/Robotics/RosLineFollower/build/simple_bot_bringup
[1.065s] Level 1:colcon.colcon_core.environment:create_environment_scripts_only(simple_bot_bringup)
[1.066s] Level 1:colcon.colcon_core.environment:checking '/home/divyansh/Projects/Robotics/RosLineFollower/install/simple_bot_bringup' for CMake module files
[1.066s] DEBUG:colcon.colcon_core.event_handler.log_command:Invoked command in '/home/divyansh/Projects/Robotics/RosLineFollower/build/simple_bot_bringup' returned '0': AMENT_PREFIX_PATH=/home/divyansh/Projects/Robotics/RosLineFollower/install/line_follower_py:/home/divyansh/Projects/Robotics/RosLineFollower/install/simple_bot_bringup:/home/divyansh/Projects/Robotics/RosLineFollower/install/simple_bot_description:/opt/ros/jazzy CMAKE_PREFIX_PATH=/home/divyansh/Projects/Robotics/RosLineFollower/install/simple_bot_description:/home/divyansh/Projects/Robotics/RosLineFollower/install/simple_bot_bringup:/opt/ros/jazzy/opt/gz_sim_vendor:/opt/ros/jazzy/opt/gz_sensors_vendor:/opt/ros/jazzy/opt/gz_physics_vendor:/opt/ros/jazzy/opt/sdformat_vendor:/opt/ros/jazzy/opt/gz_gui_vendor:/opt/ros/jazzy/opt/gz_transport_vendor:/opt/ros/jazzy/opt/gz_rendering_vendor:/opt/ros/jazzy/opt/gz_plugin_vendor:/opt/ros/jazzy/opt/gz_fuel_tools_vendor:/opt/ros/jazzy/opt/gz_msgs_vendor:/opt/ros/jazzy/opt/gz_common_vendor:/opt/ros/jazzy/opt/gz_math_vendor:/opt/ros/jazzy/opt/gz_utils_vendor:/opt/ros/jazzy/opt/gz_tools_vendor:/opt/ros/jazzy/opt/gz_ogre_next_vendor:/opt/ros/jazzy/opt/gz_dartsim_vendor:/opt/ros/jazzy/opt/gz_cmake_vendor:/home/divyansh/Projects/Robotics/RosLineFollower/install/line_follower_py:/opt/ros/jazzy DEBUGINFOD_URLS=https://debuginfod.archlinux.org /usr/bin/cmake --install /home/divyansh/Projects/Robotics/RosLineFollower/build/simple_bot_bringup
[1.067s] Level 1:colcon.colcon_core.environment:checking '/home/divyansh/Projects/Robotics/RosLineFollower/install/simple_bot_bringup' for CMake config files
[1.067s] Level 1:colcon.colcon_core.shell:create_environment_hook('simple_bot_bringup', 'cmake_prefix_path')
[1.067s] INFO:colcon.colcon_core.shell:Creating environment hook '/home/divyansh/Projects/Robotics/RosLineFollower/install/simple_bot_bringup/share/simple_bot_bringup/hook/cmake_prefix_path.ps1'
[1.068s] INFO:colcon.colcon_core.shell:Creating environment descriptor '/home/divyansh/Projects/Robotics/RosLineFollower/install/simple_bot_bringup/share/simple_bot_bringup/hook/cmake_prefix_path.dsv'
[1.068s] INFO:colcon.colcon_core.shell:Creating environment hook '/home/divyansh/Projects/Robotics/RosLineFollower/install/simple_bot_bringup/share/simple_bot_bringup/hook/cmake_prefix_path.sh'
[1.069s] Level 1:colcon.colcon_core.environment:checking '/home/divyansh/Projects/Robotics/RosLineFollower/install/simple_bot_bringup/bin'
[1.069s] Level 1:colcon.colcon_core.environment:checking '/home/divyansh/Projects/Robotics/RosLineFollower/install/simple_bot_bringup/lib/pkgconfig/simple_bot_bringup.pc'
[1.069s] Level 1:colcon.colcon_core.environment:checking '/home/divyansh/Projects/Robotics/RosLineFollower/install/simple_bot_bringup/lib/python3.12/site-packages'
[1.070s] Level 1:colcon.colcon_core.environment:checking '/home/divyansh/Projects/Robotics/RosLineFollower/install/simple_bot_bringup/bin'
[1.070s] INFO:colcon.colcon_core.shell:Creating package script '/home/divyansh/Projects/Robotics/RosLineFollower/install/simple_bot_bringup/share/simple_bot_bringup/package.ps1'
[1.071s] INFO:colcon.colcon_core.shell:Creating package descriptor '/home/divyansh/Projects/Robotics/RosLineFollower/install/simple_bot_bringup/share/simple_bot_bringup/package.dsv'
[1.071s] INFO:colcon.colcon_core.shell:Creating package script '/home/divyansh/Projects/Robotics/RosLineFollower/install/simple_bot_bringup/share/simple_bot_bringup/package.sh'
[1.072s] INFO:colcon.colcon_core.shell:Creating package script '/home/divyansh/Projects/Robotics/RosLineFollower/install/simple_bot_bringup/share/simple_bot_bringup/package.bash'
[1.072s] INFO:colcon.colcon_core.shell:Creating package script '/home/divyansh/Projects/Robotics/RosLineFollower/install/simple_bot_bringup/share/simple_bot_bringup/package.zsh'
[1.072s] Level 1:colcon.colcon_core.environment:create_file_with_runtime_dependencies(/home/divyansh/Projects/Robotics/RosLineFollower/install/simple_bot_bringup/share/colcon-core/packages/simple_bot_bringup)
[1.072s] Level 1:colcon.colcon_core.environment:create_environment_scripts_only(simple_bot_bringup)
[1.073s] Level 1:colcon.colcon_core.environment:checking '/home/divyansh/Projects/Robotics/RosLineFollower/install/simple_bot_bringup' for CMake module files
[1.073s] Level 1:colcon.colcon_core.environment:checking '/home/divyansh/Projects/Robotics/RosLineFollower/install/simple_bot_bringup' for CMake config files
[1.073s] Level 1:colcon.colcon_core.shell:create_environment_hook('simple_bot_bringup', 'cmake_prefix_path')
[1.073s] INFO:colcon.colcon_core.shell:Creating environment hook '/home/divyansh/Projects/Robotics/RosLineFollower/install/simple_bot_bringup/share/simple_bot_bringup/hook/cmake_prefix_path.ps1'
[1.073s] INFO:colcon.colcon_core.shell:Creating environment descriptor '/home/divyansh/Projects/Robotics/RosLineFollower/install/simple_bot_bringup/share/simple_bot_bringup/hook/cmake_prefix_path.dsv'
[1.074s] INFO:colcon.colcon_core.shell:Creating environment hook '/home/divyansh/Projects/Robotics/RosLineFollower/install/simple_bot_bringup/share/simple_bot_bringup/hook/cmake_prefix_path.sh'
[1.074s] Level 1:colcon.colcon_core.environment:checking '/home/divyansh/Projects/Robotics/RosLineFollower/install/simple_bot_bringup/bin'
[1.074s] Level 1:colcon.colcon_core.environment:checking '/home/divyansh/Projects/Robotics/RosLineFollower/install/simple_bot_bringup/lib/pkgconfig/simple_bot_bringup.pc'
[1.074s] Level 1:colcon.colcon_core.environment:checking '/home/divyansh/Projects/Robotics/RosLineFollower/install/simple_bot_bringup/lib/python3.12/site-packages'
[1.075s] Level 1:colcon.colcon_core.environment:checking '/home/divyansh/Projects/Robotics/RosLineFollower/install/simple_bot_bringup/bin'
[1.075s] INFO:colcon.colcon_core.shell:Creating package script '/home/divyansh/Projects/Robotics/RosLineFollower/install/simple_bot_bringup/share/simple_bot_bringup/package.ps1'
[1.075s] INFO:colcon.colcon_core.shell:Creating package descriptor '/home/divyansh/Projects/Robotics/RosLineFollower/install/simple_bot_bringup/share/simple_bot_bringup/package.dsv'
[1.075s] INFO:colcon.colcon_core.shell:Creating package script '/home/divyansh/Projects/Robotics/RosLineFollower/install/simple_bot_bringup/share/simple_bot_bringup/package.sh'
[1.076s] INFO:colcon.colcon_core.shell:Creating package script '/home/divyansh/Projects/Robotics/RosLineFollower/install/simple_bot_bringup/share/simple_bot_bringup/package.bash'
[1.076s] INFO:colcon.colcon_core.shell:Creating package script '/home/divyansh/Projects/Robotics/RosLineFollower/install/simple_bot_bringup/share/simple_bot_bringup/package.zsh'
[1.076s] Level 1:colcon.colcon_core.environment:create_file_with_runtime_dependencies(/home/divyansh/Projects/Robotics/RosLineFollower/install/simple_bot_bringup/share/colcon-core/packages/simple_bot_bringup)
[1.076s] DEBUG:colcon.colcon_parallel_executor.executor.parallel:closing loop
[1.076s] DEBUG:colcon.colcon_parallel_executor.executor.parallel:loop closed
[1.076s] DEBUG:colcon.colcon_parallel_executor.executor.parallel:run_until_complete finished with '0'
[1.076s] DEBUG:colcon.colcon_core.event_reactor:joining thread
[1.083s] INFO:colcon.colcon_core.plugin_system:Skipping extension 'colcon_notification.desktop_notification.notify_send': Could not find 'notify-send'
[1.083s] INFO:colcon.colcon_core.plugin_system:Skipping extension 'colcon_notification.desktop_notification.terminal_notifier': Not used on non-Darwin systems
[1.083s] INFO:colcon.colcon_core.plugin_system:Skipping extension 'colcon_notification.desktop_notification.win32': Not used on non-Windows systems
[1.083s] INFO:colcon.colcon_notification.desktop_notification:Sending desktop notification using 'notify2'
[1.099s] DEBUG:colcon.colcon_core.event_reactor:joined thread
[1.099s] INFO:colcon.colcon_core.shell:Creating prefix script '/home/divyansh/Projects/Robotics/RosLineFollower/install/local_setup.ps1'
[1.100s] INFO:colcon.colcon_core.shell:Creating prefix util module '/home/divyansh/Projects/Robotics/RosLineFollower/install/_local_setup_util_ps1.py'
[1.101s] INFO:colcon.colcon_core.shell:Creating prefix chain script '/home/divyansh/Projects/Robotics/RosLineFollower/install/setup.ps1'
[1.101s] INFO:colcon.colcon_core.shell:Creating prefix script '/home/divyansh/Projects/Robotics/RosLineFollower/install/local_setup.sh'
[1.102s] INFO:colcon.colcon_core.shell:Creating prefix util module '/home/divyansh/Projects/Robotics/RosLineFollower/install/_local_setup_util_sh.py'
[1.102s] INFO:colcon.colcon_core.shell:Creating prefix chain script '/home/divyansh/Projects/Robotics/RosLineFollower/install/setup.sh'
[1.103s] INFO:colcon.colcon_core.shell:Creating prefix script '/home/divyansh/Projects/Robotics/RosLineFollower/install/local_setup.bash'
[1.103s] INFO:colcon.colcon_core.shell:Creating prefix chain script '/home/divyansh/Projects/Robotics/RosLineFollower/install/setup.bash'
[1.104s] INFO:colcon.colcon_core.shell:Creating prefix script '/home/divyansh/Projects/Robotics/RosLineFollower/install/local_setup.zsh'
[1.104s] INFO:colcon.colcon_core.shell:Creating prefix chain script '/home/divyansh/Projects/Robotics/RosLineFollower/install/setup.zsh'
