running develop
running egg_info
creating line_follower_py.egg-info
writing line_follower_py.egg-info/PKG-INFO
writing dependency_links to line_follower_py.egg-info/dependency_links.txt
writing entry points to line_follower_py.egg-info/entry_points.txt
writing requirements to line_follower_py.egg-info/requires.txt
writing top-level names to line_follower_py.egg-info/top_level.txt
writing manifest file 'line_follower_py.egg-info/SOURCES.txt'
reading manifest file 'line_follower_py.egg-info/SOURCES.txt'
writing manifest file 'line_follower_py.egg-info/SOURCES.txt'
running build_ext
Creating /home/divyansh/Projects/Robotics/RosLineFollower/install/line_follower_py/lib/python3.12/site-packages/line-follower-py.egg-link (link to .)
Installing follower script to /home/divyansh/Projects/Robotics/RosLineFollower/install/line_follower_py/lib/line_follower_py

Installed /home/divyansh/Projects/Robotics/RosLineFollower/build/line_follower_py
running symlink_data
creating /home/divyansh/Projects/Robotics/RosLineFollower/install/line_follower_py/share/ament_index
creating /home/divyansh/Projects/Robotics/RosLineFollower/install/line_follower_py/share/ament_index/resource_index
creating /home/divyansh/Projects/Robotics/RosLineFollower/install/line_follower_py/share/ament_index/resource_index/packages
symbolically linking /home/divyansh/Projects/Robotics/RosLineFollower/build/line_follower_py/resource/line_follower_py -> /home/divyansh/Projects/Robotics/RosLineFollower/install/line_follower_py/share/ament_index/resource_index/packages
symbolically linking /home/divyansh/Projects/Robotics/RosLineFollower/build/line_follower_py/package.xml -> /home/divyansh/Projects/Robotics/RosLineFollower/install/line_follower_py/share/line_follower_py
