[0.460s] Invoking command in '/home/divyansh/Projects/Robotics/RosLineFollower/build/line_follower_py': DEBUGINFOD_URLS=https://debuginfod.archlinux.org PYTHONPATH=/home/divyansh/Projects/Robotics/RosLineFollower/build/line_follower_py/prefix_override:/usr/lib/python3/dist-packages/colcon_core/task/python/colcon_distutils_commands:/home/divyansh/Projects/Robotics/RosLineFollower/install/line_follower_py/lib/python3.12/site-packages:${PYTHONPATH} /usr/bin/python3 -W ignore:setup.py install is deprecated -W ignore:easy_install command is deprecated setup.py develop --editable --build-directory /home/divyansh/Projects/Robotics/RosLineFollower/build/line_follower_py/build --no-deps symlink_data
[0.653s] running develop
[0.767s] running egg_info
[0.767s] creating line_follower_py.egg-info
[0.779s] writing line_follower_py.egg-info/PKG-INFO
[0.780s] writing dependency_links to line_follower_py.egg-info/dependency_links.txt
[0.780s] writing entry points to line_follower_py.egg-info/entry_points.txt
[0.780s] writing requirements to line_follower_py.egg-info/requires.txt
[0.780s] writing top-level names to line_follower_py.egg-info/top_level.txt
[0.780s] writing manifest file 'line_follower_py.egg-info/SOURCES.txt'
[0.803s] reading manifest file 'line_follower_py.egg-info/SOURCES.txt'
[0.805s] writing manifest file 'line_follower_py.egg-info/SOURCES.txt'
[0.817s] running build_ext
[0.817s] Creating /home/divyansh/Projects/Robotics/RosLineFollower/install/line_follower_py/lib/python3.12/site-packages/line-follower-py.egg-link (link to .)
[0.818s] Installing follower script to /home/divyansh/Projects/Robotics/RosLineFollower/install/line_follower_py/lib/line_follower_py
[0.818s] 
[0.818s] Installed /home/divyansh/Projects/Robotics/RosLineFollower/build/line_follower_py
[0.818s] running symlink_data
[0.818s] creating /home/divyansh/Projects/Robotics/RosLineFollower/install/line_follower_py/share/ament_index
[0.818s] creating /home/divyansh/Projects/Robotics/RosLineFollower/install/line_follower_py/share/ament_index/resource_index
[0.818s] creating /home/divyansh/Projects/Robotics/RosLineFollower/install/line_follower_py/share/ament_index/resource_index/packages
[0.818s] symbolically linking /home/divyansh/Projects/Robotics/RosLineFollower/build/line_follower_py/resource/line_follower_py -> /home/divyansh/Projects/Robotics/RosLineFollower/install/line_follower_py/share/ament_index/resource_index/packages
[0.818s] symbolically linking /home/divyansh/Projects/Robotics/RosLineFollower/build/line_follower_py/package.xml -> /home/divyansh/Projects/Robotics/RosLineFollower/install/line_follower_py/share/line_follower_py
[0.851s] Invoked command in '/home/divyansh/Projects/Robotics/RosLineFollower/build/line_follower_py' returned '0': DEBUGINFOD_URLS=https://debuginfod.archlinux.org PYTHONPATH=/home/divyansh/Projects/Robotics/RosLineFollower/build/line_follower_py/prefix_override:/usr/lib/python3/dist-packages/colcon_core/task/python/colcon_distutils_commands:/home/divyansh/Projects/Robotics/RosLineFollower/install/line_follower_py/lib/python3.12/site-packages:${PYTHONPATH} /usr/bin/python3 -W ignore:setup.py install is deprecated -W ignore:easy_install command is deprecated setup.py develop --editable --build-directory /home/divyansh/Projects/Robotics/RosLineFollower/build/line_follower_py/build --no-deps symlink_data
